// Jest Snapshot v1, https://goo.gl/fbAQLP

exports[`<ReportArticle /> render() should render the component 1`] = `ShallowWrapper {}`;
