// Jest Snapshot v1, https://goo.gl/fbAQLP

exports[`<articles /> render() it should render all articles 1`] = `ShallowWrapper {}`;

exports[`<articles /> render() it should render all articles 2`] = `[Function]`;
