// Jest Snapshot v1, https://goo.gl/fbAQLP

exports[`testing the comment icon component should render the proper jsx element 1`] = `ShallowWrapper {}`;
