// Jest Snapshot v1, https://goo.gl/fbAQLP

exports[`My Connected React-Redux Component should render the component 1`] = `
<div
  className="comment-holder mt-5"
>
  <div
    className="Toastify"
  />
  <div
    className="comment-holder__title ml-4"
  >
    <h3
      style={
        Object {
          "fontSize": "25px",
        }
      }
    >
      COMMENTS
    </h3>
    <div
      className="parent-reply-input"
    >
      <a
        href="/profile/undefined"
      />
      <textarea
        className="parent-reply-input__text-body ml-3"
        name="Reply-content"
        onChange={[Function]}
        placeholder="type your comment..."
        type="textarea"
        value=""
      />
      <button
        className="parent-reply-input__reply-button"
        onClick={[Function]}
        type="submit"
      >
        Comment
      </button>
    </div>
    <div
      style={Object {}}
    >
      <div
        className="infinite-scroll-component "
        style={
          Object {
            "WebkitOverflowScrolling": "touch",
            "height": "70rem",
            "overflow": "scroll",
          }
        }
      >
        <div>
          <div
            className="media comment-body"
            style={
              Object {
                "marginTop": "70px",
              }
            }
          >
            <div
              className="media-body"
            >
              <h5
                className="mt-0"
              >
                <a
                  className="comment-body__writer-name"
                  href="/profile/BurindiAlain2"
                >
                  BurindiAlain2
                </a>
                <small
                  className="comment-body__timestamp"
                >
                  1 week ago
                </small>
              </h5>
              <p
                className="comment-body__text-comment"
              >
                premices this won't work
              </p>
              <div
                className="comment-icons"
              >
                <div>
                  <button
                    className="comment-icons__dislike-comment"
                    onClick={[Function]}
                    title="dislike"
                    type="button"
                  >
                    <i
                      className="fas fa-heart-broken"
                      id="dislike"
                    />
                     
                    <small
                      id="number"
                    >
                      0
                    </small>
                  </button>
                  <button
                    className="comment-icons__dislike-comment ml-2"
                    onClick={[Function]}
                    title="like"
                    type="button"
                  >
                    <i
                      className="fas fa-heart"
                      id="like"
                    />
                     
                    <small
                      id="number"
                    >
                      0
                    </small>
                  </button>
                </div>
                <button
                  className="comment-icons__dislike-comment ml-2"
                  title="report"
                  type="button"
                >
                  <i
                    className="fas fa-flag"
                    id="report"
                  />
                   
                  <small
                    id="number"
                  >
                    100
                  </small>
                </button>
                <button
                  className="comment-icons__dislike-comment ml-2"
                  onClick={[Function]}
                  title="edit"
                  type="button"
                >
                  <i
                    className="fas fa-edit"
                    id="edit"
                  />
                </button>
                <button
                  className="comment-icons__dislike-comment ml-2"
                  title="delete"
                  type="button"
                >
                  <i
                    className="fas fa-trash"
                    id="delete"
                  />
                </button>
              </div>
              <button
                className="comment-body__view-more-replies"
                id="view-replies"
                onClick={[Function]}
                type="button"
              >
                View Replies
                 
                <i
                  className="fas fa-chevron-up"
                />
              </button>
            </div>
          </div>
          <div
            className="reply-holder-div"
          />
        </div>
      </div>
    </div>
  </div>
</div>
`;
