// Jest Snapshot v1, https://goo.gl/fbAQLP

exports[`Login Login renders the login component 1`] = `ReactWrapper {}`;
