// Jest Snapshot v1, https://goo.gl/fbAQLP

exports[`Popular component renders the Popular component 1`] = `ShallowWrapper {}`;
