// Jest Snapshot v1, https://goo.gl/fbAQLP

exports[`Display renders the Display component 1`] = `ShallowWrapper {}`;
