// Jest Snapshot v1, https://goo.gl/fbAQLP

exports[`Input component renders the input component 1`] = `ShallowWrapper {}`;
